// Jest Snapshot v1, https://goo.gl/fbAQLP

exports[`TodoList component Should match snapshot 1`] = `
<TodoList
  filter="all"
  todos={
    Array [
      Object {
        "completed": false,
      },
      Object {
        "completed": false,
      },
      Object {
        "completed": true,
      },
      Object {
        "completed": false,
      },
      Object {
        "completed": true,
      },
      Object {
        "completed": false,
      },
      Object {
        "completed": false,
      },
    ]
  }
>
  <ul
    className="todo-list"
  >
    <Memo()
      completed={false}
      id={0}
      key="0"
    >
      <li
        className="todo"
      >
        <Memo()
          completed={false}
          id={0}
        >
          <div
            className="todo-view"
            onDoubleClick={[Function]}
          >
            <input
              checked={false}
              className="todo-view__toggle"
              onChange={[Function]}
              type="checkbox"
            />
            <label
              className="todo-view__label"
            />
            <button
              className="todo-view__remove"
              onClick={[Function]}
            />
          </div>
        </Memo()>
      </li>
    </Memo()>
    <Memo()
      completed={false}
      id={1}
      key="1"
    >
      <li
        className="todo"
      >
        <Memo()
          completed={false}
          id={1}
        >
          <div
            className="todo-view"
            onDoubleClick={[Function]}
          >
            <input
              checked={false}
              className="todo-view__toggle"
              onChange={[Function]}
              type="checkbox"
            />
            <label
              className="todo-view__label"
            />
            <button
              className="todo-view__remove"
              onClick={[Function]}
            />
          </div>
        </Memo()>
      </li>
    </Memo()>
    <Memo()
      completed={true}
      id={2}
      key="2"
    >
      <li
        className="todo"
      >
        <Memo()
          completed={true}
          id={2}
        >
          <div
            className="todo-view"
            onDoubleClick={[Function]}
          >
            <input
              checked={true}
              className="todo-view__toggle"
              onChange={[Function]}
              type="checkbox"
            />
            <label
              className="todo-view__label todo-view__label--completed"
            />
            <button
              className="todo-view__remove"
              onClick={[Function]}
            />
          </div>
        </Memo()>
      </li>
    </Memo()>
    <Memo()
      completed={false}
      id={3}
      key="3"
    >
      <li
        className="todo"
      >
        <Memo()
          completed={false}
          id={3}
        >
          <div
            className="todo-view"
            onDoubleClick={[Function]}
          >
            <input
              checked={false}
              className="todo-view__toggle"
              onChange={[Function]}
              type="checkbox"
            />
            <label
              className="todo-view__label"
            />
            <button
              className="todo-view__remove"
              onClick={[Function]}
            />
          </div>
        </Memo()>
      </li>
    </Memo()>
    <Memo()
      completed={true}
      id={4}
      key="4"
    >
      <li
        className="todo"
      >
        <Memo()
          completed={true}
          id={4}
        >
          <div
            className="todo-view"
            onDoubleClick={[Function]}
          >
            <input
              checked={true}
              className="todo-view__toggle"
              onChange={[Function]}
              type="checkbox"
            />
            <label
              className="todo-view__label todo-view__label--completed"
            />
            <button
              className="todo-view__remove"
              onClick={[Function]}
            />
          </div>
        </Memo()>
      </li>
    </Memo()>
    <Memo()
      completed={false}
      id={5}
      key="5"
    >
      <li
        className="todo"
      >
        <Memo()
          completed={false}
          id={5}
        >
          <div
            className="todo-view"
            onDoubleClick={[Function]}
          >
            <input
              checked={false}
              className="todo-view__toggle"
              onChange={[Function]}
              type="checkbox"
            />
            <label
              className="todo-view__label"
            />
            <button
              className="todo-view__remove"
              onClick={[Function]}
            />
          </div>
        </Memo()>
      </li>
    </Memo()>
    <Memo()
      completed={false}
      id={6}
      key="6"
    >
      <li
        className="todo"
      >
        <Memo()
          completed={false}
          id={6}
        >
          <div
            className="todo-view"
            onDoubleClick={[Function]}
          >
            <input
              checked={false}
              className="todo-view__toggle"
              onChange={[Function]}
              type="checkbox"
            />
            <label
              className="todo-view__label"
            />
            <button
              className="todo-view__remove"
              onClick={[Function]}
            />
          </div>
        </Memo()>
      </li>
    </Memo()>
  </ul>
</TodoList>
`;
